[debug] [2026-07-25T10:07:32.543Z] ----------------------------------------------------------------------
[debug] [2026-07-25T10:07:32.546Z] Command:       C:\Program Files\nodejs\node.exe C:\Users\Kim\AppData\Roaming\npm\node_modules\firebase-tools\lib\bin\firebase.js deploy --only hosting
[debug] [2026-07-25T10:07:32.547Z] CLI Version:   15.24.0
[debug] [2026-07-25T10:07:32.547Z] Platform:      win32
[debug] [2026-07-25T10:07:32.547Z] Node Version:  v22.15.1
[debug] [2026-07-25T10:07:32.547Z] Detected Agent: unknown
[debug] [2026-07-25T10:07:32.548Z] Time:          Sat Jul 25 2026 13:07:32 GMT+0300 (East Africa Time)
[debug] [2026-07-25T10:07:32.548Z] ----------------------------------------------------------------------
[debug] 
[debug] [2026-07-25T10:07:38.125Z] > command requires scopes: ["email","openid","https://www.googleapis.com/auth/cloudplatformprojects.readonly","https://www.googleapis.com/auth/firebase","https://www.googleapis.com/auth/cloud-platform"]
[debug] [2026-07-25T10:07:38.125Z] > authorizing via signed-in user (kimanijohn1236@gmail.com)
[debug] [2026-07-25T10:07:38.125Z] [iam] checking project uhs-healthcare-ea3b4 for permissions ["firebase.projects.get","firebasehosting.sites.update"]
[debug] [2026-07-25T10:07:38.138Z] Checked if tokens are valid: true, expires at: 1784977612912
[debug] [2026-07-25T10:07:38.139Z] Checked if tokens are valid: true, expires at: 1784977612912
[debug] [2026-07-25T10:07:38.140Z] >>> [apiv2][query] POST https://cloudresourcemanager.googleapis.com/v1/projects/uhs-healthcare-ea3b4:testIamPermissions [none]
[debug] [2026-07-25T10:07:38.140Z] >>> [apiv2][(partial)header] POST https://cloudresourcemanager.googleapis.com/v1/projects/uhs-healthcare-ea3b4:testIamPermissions  x-goog-user-project=uhs-healthcare-ea3b4
[debug] [2026-07-25T10:07:38.140Z] >>> [apiv2][body] POST https://cloudresourcemanager.googleapis.com/v1/projects/uhs-healthcare-ea3b4:testIamPermissions {"permissions":["firebase.projects.get","firebasehosting.sites.update"]}
[debug] [2026-07-25T10:07:39.987Z] <<< [apiv2][status] POST https://cloudresourcemanager.googleapis.com/v1/projects/uhs-healthcare-ea3b4:testIamPermissions 403
[debug] [2026-07-25T10:07:39.988Z] <<< [apiv2][body] POST https://cloudresourcemanager.googleapis.com/v1/projects/uhs-healthcare-ea3b4:testIamPermissions {"error":{"code":403,"message":"Caller does not have required permission to use project uhs-healthcare-ea3b4. Grant the caller the roles/serviceusage.serviceUsageConsumer role, or a custom role with the serviceusage.services.use permission, by visiting https://console.developers.google.com/iam-admin/iam?project=uhs-healthcare-ea3b4 and then retry. Propagation of the new permission may take a few minutes.","status":"PERMISSION_DENIED","details":[{"@type":"type.googleapis.com/google.rpc.ErrorInfo","reason":"USER_PROJECT_DENIED","domain":"googleapis.com","metadata":{"containerInfo":"uhs-healthcare-ea3b4","service":"cloudresourcemanager.googleapis.com","consumer":"projects/uhs-healthcare-ea3b4","consoleUrl":"https://console.developers.google.com/iam-admin/iam?project=uhs-healthcare-ea3b4"}},{"@type":"type.googleapis.com/google.rpc.LocalizedMessage","locale":"en-US","message":"Caller does not have required permission to use project uhs-healthcare-ea3b4. Grant the caller the roles/serviceusage.serviceUsageConsumer role, or a custom role with the serviceusage.services.use permission, by visiting https://console.developers.google.com/iam-admin/iam?project=uhs-healthcare-ea3b4 and then retry. Propagation of the new permission may take a few minutes."},{"@type":"type.googleapis.com/google.rpc.Help","links":[{"description":"Google developer console IAM admin","url":"https://console.developers.google.com/iam-admin/iam?project=uhs-healthcare-ea3b4"}]}]}}
[debug] [2026-07-25T10:07:39.989Z] [iam] error while checking permissions, command may fail: Request to https://cloudresourcemanager.googleapis.com/v1/projects/uhs-healthcare-ea3b4:testIamPermissions had HTTP Error: 403, Caller does not have required permission to use project uhs-healthcare-ea3b4. Grant the caller the roles/serviceusage.serviceUsageConsumer role, or a custom role with the serviceusage.services.use permission, by visiting https://console.developers.google.com/iam-admin/iam?project=uhs-healthcare-ea3b4 and then retry. Propagation of the new permission may take a few minutes.
[debug] [2026-07-25T10:07:39.991Z] Checked if tokens are valid: true, expires at: 1784977612912
[debug] [2026-07-25T10:07:39.991Z] Checked if tokens are valid: true, expires at: 1784977612912
[debug] [2026-07-25T10:07:39.992Z] >>> [apiv2][query] GET https://firebase.googleapis.com/v1beta1/projects/uhs-healthcare-ea3b4 [none]
[debug] [2026-07-25T10:07:40.653Z] <<< [apiv2][status] GET https://firebase.googleapis.com/v1beta1/projects/uhs-healthcare-ea3b4 403
[debug] [2026-07-25T10:07:40.654Z] <<< [apiv2][body] GET https://firebase.googleapis.com/v1beta1/projects/uhs-healthcare-ea3b4 {"error":{"code":403,"message":"The caller does not have permission","status":"PERMISSION_DENIED"}}
[debug] [2026-07-25T10:07:40.654Z] Request to https://firebase.googleapis.com/v1beta1/projects/uhs-healthcare-ea3b4 had HTTP Error: 403, The caller does not have permission
[debug] [2026-07-25T10:07:40.999Z] FirebaseError: Request to https://firebase.googleapis.com/v1beta1/projects/uhs-healthcare-ea3b4 had HTTP Error: 403, The caller does not have permission
    at responseToError (C:\Users\Kim\AppData\Roaming\npm\node_modules\firebase-tools\lib\responseToError.js:53:12)
    at RetryOperation._fn (C:\Users\Kim\AppData\Roaming\npm\node_modules\firebase-tools\lib\apiv2.js:415:77)
    at process.processTicksAndRejections (node:internal/process/task_queues:105:5)
[error] 
[error] Error: Failed to get Firebase project uhs-healthcare-ea3b4. Please make sure the project exists and your account has permission to access it.
